==> Running PHPUnit tests inside php (APP_ENV=test)
PHPUnit 10.5.60 by Sebastian Bergmann and contributors.

Runtime:       PHP 8.3.30
Configuration: /var/www/html/phpunit.dist.xml

...............................................................  63 / 615 ( 10%)
............................................................... 126 / 615 ( 20%)
...................[36;1mS[0m[36;1mS[0m[36;1mS[0m[36;1mS[0m[36;1mS[0m[36;1mS[0m[36;1mS[0m[36;1mS[0m[36;1mS[0m[36;1mS[0m[36;1mS[0m[36;1mS[0m[36;1mS[0m[36;1mS[0m[36;1mS[0m[36;1mS[0m[36;1mS[0m........................... 189 / 615 ( 30%)
............................................................... 252 / 615 ( 40%)
..........................[33;1mW[0m....[33;1mW[0m[33;1mW[0m....[33;1mW[0m[33;1mW[0m[33;1mW[0m....................... 315 / 615 ( 51%)
............................................................... 378 / 615 ( 61%)
............................................................... 441 / 615 ( 71%)
............................................................... 504 / 615 ( 81%)
............................................................... 567 / 615 ( 92%)
................................................                615 / 615 (100%)

Time: 00:15.215, Memory: 46.50 MB

[30;43mOK, but there were issues![0m
[30;43mTests: 615[0m[30;43m, Assertions: 1799[0m[30;43m, Warnings: 3[0m[30;43m, Deprecations: 1[0m[30;43m, Skipped: 17[0m[30;43m.[0m
make: *** [Makefile:173: test] Error 1
